[Mon May 01 08:36:47.880575 2017] [:error] [pid 19956] [client 5.64.88.217:54092] object(app\\models\\Game)#96 (8) {\n  ["_attributes":"yii\\db\\BaseActiveRecord":private]=>\n  array(8) {\n    ["id"]=>\n    int(1)\n    ["name"]=>\n    string(12) "MegaMillions"\n    ["country_id"]=>\n    int(1)\n    ["price_per_line"]=>\n    string(4) "2.00"\n    ["logo_path"]=>\n    string(23) "images/megaMillions.png"\n    ["next_draw_id"]=>\n    int(1)\n    ["active"]=>\n    int(1)\n    ["draw_frequency"]=>\n    string(6) "Weekly"\n  }\n  ["_oldAttributes":"yii\\db\\BaseActiveRecord":private]=>\n  array(8) {\n    ["id"]=>\n    int(1)\n    ["name"]=>\n    string(12) "MegaMillions"\n    ["country_id"]=>\n    int(1)\n    ["price_per_line"]=>\n    string(4) "2.00"\n    ["logo_path"]=>\n    string(23) "images/megaMillions.png"\n    ["next_draw_id"]=>\n    int(1)\n    ["active"]=>\n    int(1)\n    ["draw_frequency"]=>\n    string(6) "Weekly"\n  }\n  ["_related":"yii\\db\\BaseActiveRecord":private]=>\n  array(1) {\n    ["nextDraw"]=>\n    object(app\\models\\Draw)#116 (8) {\n      ["_attributes":"yii\\db\\BaseActiveRecord":private]=>\n      array(5) {\n        ["id"]=>\n        int(1)\n        ["game_id"]=>\n        int(1)\n        ["draw_date"]=>\n        string(19) "2017-05-01 00:00:00"\n        ["est_jackpot"]=>\n        string(12) "150000000.00"\n        ["cutoff_date"]=>\n        NULL\n      }\n      ["_oldAttributes":"yii\\db\\BaseActiveRecord":private]=>\n      array(5) {\n        ["id"]=>\n        int(1)\n        ["game_id"]=>\n        int(1)\n        ["draw_date"]=>\n        string(19) "2017-05-01 00:00:00"\n        ["est_jackpot"]=>\n        string(12) "150000000.00"\n        ["cutoff_date"]=>\n        NULL\n      }\n      ["_related":"yii\\db\\BaseActiveRecord":private]=>\n      array(0) {\n      }\n      ["_errors":"yii\\base\\Model":private]=>\n      NULL\n      ["_validators":"yii\\base\\Model":private]=>\n      NULL\n      ["_scenario":"yii\\base\\Model":private]=>\n      string(7) "default"\n      ["_events":"yii\\base\\Component":private]=>\n      array(0) {\n      }\n      ["_behaviors":"yii\\base\\Component":private]=>\n      array(0) {\n      }\n    }\n  }\n  ["_errors":"yii\\base\\Model":private]=>\n  NULL\n  ["_validators":"yii\\base\\Model":private]=>\n  NULL\n  ["_scenario":"yii\\base\\Model":private]=>\n  string(7) "default"\n  ["_events":"yii\\base\\Component":private]=>\n  array(0) {\n  }\n  ["_behaviors":"yii\\base\\Component":private]=>\n  array(0) {\n  }\n}\n, referer: http://test.syndie.co.uk/index.php?r=syndicate/create&game_id=1&draw_id=1
[Mon May 01 08:36:58.869271 2017] [:error] [pid 19955] [client 5.64.88.217:54108] object(app\\models\\Game)#96 (8) {\n  ["_attributes":"yii\\db\\BaseActiveRecord":private]=>\n  array(8) {\n    ["id"]=>\n    int(1)\n    ["name"]=>\n    string(12) "MegaMillions"\n    ["country_id"]=>\n    int(1)\n    ["price_per_line"]=>\n    string(4) "2.00"\n    ["logo_path"]=>\n    string(23) "images/megaMillions.png"\n    ["next_draw_id"]=>\n    int(1)\n    ["active"]=>\n    int(1)\n    ["draw_frequency"]=>\n    string(6) "Weekly"\n  }\n  ["_oldAttributes":"yii\\db\\BaseActiveRecord":private]=>\n  array(8) {\n    ["id"]=>\n    int(1)\n    ["name"]=>\n    string(12) "MegaMillions"\n    ["country_id"]=>\n    int(1)\n    ["price_per_line"]=>\n    string(4) "2.00"\n    ["logo_path"]=>\n    string(23) "images/megaMillions.png"\n    ["next_draw_id"]=>\n    int(1)\n    ["active"]=>\n    int(1)\n    ["draw_frequency"]=>\n    string(6) "Weekly"\n  }\n  ["_related":"yii\\db\\BaseActiveRecord":private]=>\n  array(1) {\n    ["nextDraw"]=>\n    object(app\\models\\Draw)#116 (8) {\n      ["_attributes":"yii\\db\\BaseActiveRecord":private]=>\n      array(5) {\n        ["id"]=>\n        int(1)\n        ["game_id"]=>\n        int(1)\n        ["draw_date"]=>\n        string(19) "2017-05-01 00:00:00"\n        ["est_jackpot"]=>\n        string(12) "150000000.00"\n        ["cutoff_date"]=>\n        NULL\n      }\n      ["_oldAttributes":"yii\\db\\BaseActiveRecord":private]=>\n      array(5) {\n        ["id"]=>\n        int(1)\n        ["game_id"]=>\n        int(1)\n        ["draw_date"]=>\n        string(19) "2017-05-01 00:00:00"\n        ["est_jackpot"]=>\n        string(12) "150000000.00"\n        ["cutoff_date"]=>\n        NULL\n      }\n      ["_related":"yii\\db\\BaseActiveRecord":private]=>\n      array(0) {\n      }\n      ["_errors":"yii\\base\\Model":private]=>\n      NULL\n      ["_validators":"yii\\base\\Model":private]=>\n      NULL\n      ["_scenario":"yii\\base\\Model":private]=>\n      string(7) "default"\n      ["_events":"yii\\base\\Component":private]=>\n      array(0) {\n      }\n      ["_behaviors":"yii\\base\\Component":private]=>\n      array(0) {\n      }\n    }\n  }\n  ["_errors":"yii\\base\\Model":private]=>\n  NULL\n  ["_validators":"yii\\base\\Model":private]=>\n  NULL\n  ["_scenario":"yii\\base\\Model":private]=>\n  string(7) "default"\n  ["_events":"yii\\base\\Component":private]=>\n  array(0) {\n  }\n  ["_behaviors":"yii\\base\\Component":private]=>\n  array(0) {\n  }\n}\n, referer: http://test.syndie.co.uk/index.php?r=syndicate/create&game_id=1&draw_id=1
[Mon May 01 08:38:17.215687 2017] [:error] [pid 19950] [client 5.64.88.217:54224] object(app\\models\\Game)#96 (8) {\n  ["_attributes":"yii\\db\\BaseActiveRecord":private]=>\n  array(8) {\n    ["id"]=>\n    int(1)\n    ["name"]=>\n    string(12) "MegaMillions"\n    ["country_id"]=>\n    int(1)\n    ["price_per_line"]=>\n    string(4) "2.00"\n    ["logo_path"]=>\n    string(23) "images/megaMillions.png"\n    ["next_draw_id"]=>\n    int(1)\n    ["active"]=>\n    int(1)\n    ["draw_frequency"]=>\n    string(6) "Weekly"\n  }\n  ["_oldAttributes":"yii\\db\\BaseActiveRecord":private]=>\n  array(8) {\n    ["id"]=>\n    int(1)\n    ["name"]=>\n    string(12) "MegaMillions"\n    ["country_id"]=>\n    int(1)\n    ["price_per_line"]=>\n    string(4) "2.00"\n    ["logo_path"]=>\n    string(23) "images/megaMillions.png"\n    ["next_draw_id"]=>\n    int(1)\n    ["active"]=>\n    int(1)\n    ["draw_frequency"]=>\n    string(6) "Weekly"\n  }\n  ["_related":"yii\\db\\BaseActiveRecord":private]=>\n  array(1) {\n    ["nextDraw"]=>\n    object(app\\models\\Draw)#115 (8) {\n      ["_attributes":"yii\\db\\BaseActiveRecord":private]=>\n      array(5) {\n        ["id"]=>\n        int(1)\n        ["game_id"]=>\n        int(1)\n        ["draw_date"]=>\n        string(19) "2017-05-01 00:00:00"\n        ["est_jackpot"]=>\n        string(12) "150000000.00"\n        ["cutoff_date"]=>\n        NULL\n      }\n      ["_oldAttributes":"yii\\db\\BaseActiveRecord":private]=>\n      array(5) {\n        ["id"]=>\n        int(1)\n        ["game_id"]=>\n        int(1)\n        ["draw_date"]=>\n        string(19) "2017-05-01 00:00:00"\n        ["est_jackpot"]=>\n        string(12) "150000000.00"\n        ["cutoff_date"]=>\n        NULL\n      }\n      ["_related":"yii\\db\\BaseActiveRecord":private]=>\n      array(0) {\n      }\n      ["_errors":"yii\\base\\Model":private]=>\n      NULL\n      ["_validators":"yii\\base\\Model":private]=>\n      NULL\n      ["_scenario":"yii\\base\\Model":private]=>\n      string(7) "default"\n      ["_events":"yii\\base\\Component":private]=>\n      array(0) {\n      }\n      ["_behaviors":"yii\\base\\Component":private]=>\n      array(0) {\n      }\n    }\n  }\n  ["_errors":"yii\\base\\Model":private]=>\n  NULL\n  ["_validators":"yii\\base\\Model":private]=>\n  NULL\n  ["_scenario":"yii\\base\\Model":private]=>\n  string(7) "default"\n  ["_events":"yii\\base\\Component":private]=>\n  array(0) {\n  }\n  ["_behaviors":"yii\\base\\Component":private]=>\n  array(0) {\n  }\n}\n
[Mon May 01 08:38:46.278081 2017] [:error] [pid 19949] [client 5.64.88.217:54255] there, referer: http://test.syndie.co.uk/index.php?r=syndicate/create&game_id=1&draw_id=1
[Mon May 01 08:38:46.278111 2017] [:error] [pid 19949] [client 5.64.88.217:54255] 2, referer: http://test.syndie.co.uk/index.php?r=syndicate/create&game_id=1&draw_id=1
[Mon May 01 08:38:46.278125 2017] [:error] [pid 19949] [client 5.64.88.217:54255] doing a line, referer: http://test.syndie.co.uk/index.php?r=syndicate/create&game_id=1&draw_id=1
[Mon May 01 08:38:46.283769 2017] [:error] [pid 19949] [client 5.64.88.217:54255] doing a line, referer: http://test.syndie.co.uk/index.php?r=syndicate/create&game_id=1&draw_id=1
[Mon May 01 08:38:46.316235 2017] [:error] [pid 19949] [client 5.64.88.217:54255] object(app\\models\\Game)#96 (8) {\n  ["_attributes":"yii\\db\\BaseActiveRecord":private]=>\n  array(8) {\n    ["id"]=>\n    int(1)\n    ["name"]=>\n    string(12) "MegaMillions"\n    ["country_id"]=>\n    int(1)\n    ["price_per_line"]=>\n    string(4) "2.00"\n    ["logo_path"]=>\n    string(23) "images/megaMillions.png"\n    ["next_draw_id"]=>\n    int(1)\n    ["active"]=>\n    int(1)\n    ["draw_frequency"]=>\n    string(6) "Weekly"\n  }\n  ["_oldAttributes":"yii\\db\\BaseActiveRecord":private]=>\n  array(8) {\n    ["id"]=>\n    int(1)\n    ["name"]=>\n    string(12) "MegaMillions"\n    ["country_id"]=>\n    int(1)\n    ["price_per_line"]=>\n    string(4) "2.00"\n    ["logo_path"]=>\n    string(23) "images/megaMillions.png"\n    ["next_draw_id"]=>\n    int(1)\n    ["active"]=>\n    int(1)\n    ["draw_frequency"]=>\n    string(6) "Weekly"\n  }\n  ["_related":"yii\\db\\BaseActiveRecord":private]=>\n  array(1) {\n    ["nextDraw"]=>\n    object(app\\models\\Draw)#116 (8) {\n      ["_attributes":"yii\\db\\BaseActiveRecord":private]=>\n      array(5) {\n        ["id"]=>\n        int(1)\n        ["game_id"]=>\n        int(1)\n        ["draw_date"]=>\n        string(19) "2017-05-01 00:00:00"\n        ["est_jackpot"]=>\n        string(12) "150000000.00"\n        ["cutoff_date"]=>\n        NULL\n      }\n      ["_oldAttributes":"yii\\db\\BaseActiveRecord":private]=>\n      array(5) {\n        ["id"]=>\n        int(1)\n        ["game_id"]=>\n        int(1)\n        ["draw_date"]=>\n        string(19) "2017-05-01 00:00:00"\n        ["est_jackpot"]=>\n        string(12) "150000000.00"\n        ["cutoff_date"]=>\n        NULL\n      }\n      ["_related":"yii\\db\\BaseActiveRecord":private]=>\n      array(0) {\n      }\n      ["_errors":"yii\\base\\Model":private]=>\n      NULL\n      ["_validators":"yii\\base\\Model":private]=>\n      NULL\n      ["_scenario":"yii\\base\\Model":private]=>\n      string(7) "default"\n      ["_events":"yii\\base\\Component":private]=>\n      array(0) {\n      }\n      ["_behaviors":"yii\\base\\Component":private]=>\n      array(0) {\n      }\n    }\n  }\n  ["_errors":"yii\\base\\Model":private]=>\n  NULL\n  ["_validators":"yii\\base\\Model":private]=>\n  NULL\n  ["_scenario":"yii\\base\\Model":private]=>\n  string(7) "default"\n  ["_events":"yii\\base\\Component":private]=>\n  array(0) {\n  }\n  ["_behaviors":"yii\\base\\Component":private]=>\n  array(0) {\n  }\n}\n, referer: http://test.syndie.co.uk/index.php?r=syndicate/create&game_id=1&draw_id=1
[Mon May 01 09:46:33.144907 2017] [:error] [pid 19958] [client 5.64.88.217:60577] array(2) {\n  [2404]=>\n  array(2) {\n    [1]=>\n    array(75) {\n      [1]=>\n      string(1) "0"\n      [2]=>\n      string(1) "0"\n      [3]=>\n      string(1) "0"\n      [4]=>\n      string(1) "0"\n      [5]=>\n      string(1) "0"\n      [6]=>\n      string(1) "0"\n      [7]=>\n      string(1) "0"\n      [8]=>\n      string(1) "0"\n      [9]=>\n      string(1) "0"\n      [10]=>\n      string(1) "0"\n      [11]=>\n      string(1) "0"\n      [12]=>\n      string(1) "0"\n      [13]=>\n      string(1) "0"\n      [14]=>\n      string(1) "0"\n      [15]=>\n      string(1) "0"\n      [16]=>\n      string(1) "0"\n      [17]=>\n      string(1) "0"\n      [18]=>\n      string(1) "0"\n      [19]=>\n      string(1) "0"\n      [20]=>\n      string(1) "0"\n      [21]=>\n      string(1) "0"\n      [22]=>\n      string(1) "0"\n      [23]=>\n      string(1) "1"\n      [24]=>\n      string(1) "1"\n      [25]=>\n      string(1) "0"\n      [26]=>\n      string(1) "0"\n      [27]=>\n      string(1) "0"\n      [28]=>\n      string(1) "0"\n      [29]=>\n      string(1) "0"\n      [30]=>\n      string(1) "0"\n      [31]=>\n      string(1) "0"\n      [32]=>\n      string(1) "0"\n      [33]=>\n      string(1) "1"\n      [34]=>\n      string(1) "0"\n      [35]=>\n      string(1) "0"\n      [36]=>\n      string(1) "0"\n      [37]=>\n      string(1) "0"\n      [38]=>\n      string(1) "0"\n      [39]=>\n      string(1) "1"\n      [40]=>\n      string(1) "0"\n      [41]=>\n      string(1) "0"\n      [42]=>\n      string(1) "0"\n      [43]=>\n      string(1) "0"\n      [44]=>\n      string(1) "0"\n      [45]=>\n      string(1) "0"\n      [46]=>\n      string(1) "0"\n      [47]=>\n      string(1) "1"\n      [48]=>\n      string(1) "0"\n      [49]=>\n      string(1) "0"\n      [50]=>\n      string(1) "0"\n      [51]=>\n      string(1) "0"\n      [52]=>\n      string(1) "0"\n      [53]=>\n      string(1) "0"\n      [54]=>\n      string(1) "0"\n      [55]=>\n      string(1) "0"\n      [56]=>\n      string(1) "0"\n      [57]=>\n      string(1) "0"\n      [58]=>\n      string(1) "0"\n      [59]=>\n      string(1) "0"\n      [60]=>\n      string(1) "0"\n      [61]=>\n      string(1) "0"\n      [62]=>\n      string(1) "0"\n      [63]=>\n      string(1) "0"\n      [64]=>\n      string(1) "0"\n      [65]=>\n      string(1) "0"\n      [66]=>\n      string(1) "0"\n      [67]=>\n      string(1) "0"\n      [68]=>\n      string(1) "0"\n      [69]=>\n      string(1) "0"\n      [70]=>\n      string(1) "0"\n      [71]=>\n      string(1) "0"\n      [72]=>\n      string(1) "0"\n      [73]=>\n      string(1) "0"\n      [74]=>\n      string(1) "0"\n      [75]=>\n      string(1) "0"\n    }\n    [2]=>\n    array(15) {\n      [1]=>\n      string(1) "0"\n      [2]=>\n      string(1) "0"\n      [3]=>\n      string(1) "0"\n      [4]=>\n      string(1) "0"\n      [5]=>\n      string(1) "0"\n      [6]=>\n      string(1) "0"\n      [7]=>\n      string(1) "0"\n      [8]=>\n      string(1) "0"\n      [9]=>\n      string(1) "0"\n      [10]=>\n      string(1) "0"\n      [11]=>\n      string(1) "0"\n      [12]=>\n      string(1) "0"\n      [13]=>\n      string(1) "1"\n      [14]=>\n      string(1) "0"\n      [15]=>\n      string(1) "0"\n    }\n  }\n  [2405]=>\n  array(2) {\n    [1]=>\n    array(75) {\n      [1]=>\n      string(1) "0"\n      [2]=>\n      string(1) "0"\n      [3]=>\n      string(1) "0"\n      [4]=>\n      string(1) "0"\n      [5]=>\n      string(1) "0"\n      [6]=>\n      string(1) "0"\n      [7]=>\n      string(1) "1"\n      [8]=>\n      string(1) "0"\n      [9]=>\n      string(1) "0"\n      [10]=>\n      string(1) "0"\n      [11]=>\n      string(1) "0"\n      [12]=>\n      string(1) "0"\n      [13]=>\n      string(1) "0"\n      [14]=>\n      string(1) "0"\n      [15]=>\n      string(1) "0"\n      [16]=>\n      string(1) "0"\n      [17]=>\n      string(1) "0"\n      [18]=>\n      string(1) "0"\n      [19]=>\n      string(1) "0"\n      [20]=>\n      string(1) "0"\n      [21]=>\n      string(1) "0"\n      [22]=>\n      string(1) "0"\n      [23]=>\n      string(1) "0"\n      [24]=>\n      string(1) "0"\n      [25]=>\n      string(1) "0"\n      [26]=>\n      string(1) "0"\n      [27]=>\n      string(1) "0"\n      [28]=>\n      string(1) "0"\n      [29]=>\n      string(1) "0"\n      [30]=>\n      string(1) "0"\n      [31]=>\n      string(1) "0"\n      [32]=>\n      string(1) "0"\n      [33]=>\n      string(1) "0"\n      [34]=>\n      string(1) "0"\n      [35]=>\n      string(1) "0"\n      [36]=>\n      string(1) "0"\n      [37]=>\n      string(1) "0"\n      [38]=>\n      string(1) "0"\n      [39]=>\n      string(1) "0"\n      [40]=>\n      string(1) "0"\n      [41]=>\n      string(1) "0"\n      [42]=>\n      string(1) "0"\n      [43]=>\n      string(1) "0"\n      [44]=>\n      string(1) "0"\n      [45]=>\n      string(1) "0"\n      [46]=>\n      string(1) "0"\n      [47]=>\n      string(1) "1"\n      [48]=>\n      string(1) "0"\n      [49]=>\n      string(1) "0"\n      [50]=>\n      string(1) "0"\n      [51]=>\n      string(1) "1"\n      [52]=>\n      string(1) "0"\n      [53]=>\n      string(1) "0"\n      [54]=>\n      string(1) "0"\n      [55]=>\n      string(1) "0"\n      [56]=>\n      string(1) "0"\n      [57]=>\n      string(1) "1"\n      [58]=>\n      string(1) "0"\n      [59]=>\n      string(1) "0"\n      [60]=>\n      string(1) "0"\n      [61]=>\n      string(1) "0"\n      [62]=>\n      string(1) "1"\n      [63]=>\n      string(1) "0"\n      [64]=>\n      string(1) "0"\n      [65]=>\n      string(1) "0"\n      [66]=>\n      string(1) "0"\n      [67]=>\n      string(1) "0"\n      [68]=>\n      string(1) "0"\n      [69]=>\n      string(1) "0"\n      [70]=>\n      string(1) "0"\n      [71]=>\n      string(1) "0"\n      [72]=>\n      string(1) "0"\n      [73]=>\n      string(1) "0"\n      [74]=>\n      string(1) "0"\n      [75]=>\n      string(1) "0"\n    }\n    [2]=>\n    array(15) {\n      [1]=>\n      string(1) "0"\n      [2]=>\n      string(1) "0"\n      [3]=>\n      string(1) "0"\n      [4]=>\n      string(1) "0"\n      [5]=>\n      string(1) "0"\n      [6]=>\n      string(1) "0"\n      [7]=>\n      string(1) "0"\n      [8]=>\n      string(1) "0"\n      [9]=>\n      string(1) "0"\n      [10]=>\n      string(1) "0"\n      [11]=>\n      string(1) "0"\n      [12]=>\n      string(1) "0"\n      [13]=>\n      string(1) "0"\n      [14]=>\n      string(1) "1"\n      [15]=>\n      string(1) "0"\n    }\n  }\n}\n, referer: http://test.syndie.co.uk/index.php?r=game%2Fplay&id=1&draw=1&syndicate=139&ti=124
[Mon May 01 10:00:07.039634 2017] [:error] [pid 19950] [client 5.64.88.217:61745] array(2) {\n  [2404]=>\n  array(2) {\n    [1]=>\n    array(75) {\n      [1]=>\n      string(1) "0"\n      [2]=>\n      string(1) "0"\n      [3]=>\n      string(1) "0"\n      [4]=>\n      string(1) "0"\n      [5]=>\n      string(1) "0"\n      [6]=>\n      string(1) "0"\n      [7]=>\n      string(1) "0"\n      [8]=>\n      string(1) "0"\n      [9]=>\n      string(1) "0"\n      [10]=>\n      string(1) "0"\n      [11]=>\n      string(1) "0"\n      [12]=>\n      string(1) "0"\n      [13]=>\n      string(1) "0"\n      [14]=>\n      string(1) "0"\n      [15]=>\n      string(1) "0"\n      [16]=>\n      string(1) "0"\n      [17]=>\n      string(1) "0"\n      [18]=>\n      string(1) "0"\n      [19]=>\n      string(1) "0"\n      [20]=>\n      string(1) "0"\n      [21]=>\n      string(1) "0"\n      [22]=>\n      string(1) "0"\n      [23]=>\n      string(1) "1"\n      [24]=>\n      string(1) "1"\n      [25]=>\n      string(1) "0"\n      [26]=>\n      string(1) "0"\n      [27]=>\n      string(1) "0"\n      [28]=>\n      string(1) "0"\n      [29]=>\n      string(1) "0"\n      [30]=>\n      string(1) "0"\n      [31]=>\n      string(1) "0"\n      [32]=>\n      string(1) "0"\n      [33]=>\n      string(1) "1"\n      [34]=>\n      string(1) "0"\n      [35]=>\n      string(1) "0"\n      [36]=>\n      string(1) "0"\n      [37]=>\n      string(1) "0"\n      [38]=>\n      string(1) "0"\n      [39]=>\n      string(1) "1"\n      [40]=>\n      string(1) "0"\n      [41]=>\n      string(1) "0"\n      [42]=>\n      string(1) "0"\n      [43]=>\n      string(1) "0"\n      [44]=>\n      string(1) "0"\n      [45]=>\n      string(1) "0"\n      [46]=>\n      string(1) "0"\n      [47]=>\n      string(1) "1"\n      [48]=>\n      string(1) "0"\n      [49]=>\n      string(1) "0"\n      [50]=>\n      string(1) "0"\n      [51]=>\n      string(1) "0"\n      [52]=>\n      string(1) "0"\n      [53]=>\n      string(1) "0"\n      [54]=>\n      string(1) "0"\n      [55]=>\n      string(1) "0"\n      [56]=>\n      string(1) "0"\n      [57]=>\n      string(1) "0"\n      [58]=>\n      string(1) "0"\n      [59]=>\n      string(1) "0"\n      [60]=>\n      string(1) "0"\n      [61]=>\n      string(1) "0"\n      [62]=>\n      string(1) "0"\n      [63]=>\n      string(1) "0"\n      [64]=>\n      string(1) "0"\n      [65]=>\n      string(1) "0"\n      [66]=>\n      string(1) "0"\n      [67]=>\n      string(1) "0"\n      [68]=>\n      string(1) "0"\n      [69]=>\n      string(1) "0"\n      [70]=>\n      string(1) "0"\n      [71]=>\n      string(1) "0"\n      [72]=>\n      string(1) "0"\n      [73]=>\n      string(1) "0"\n      [74]=>\n      string(1) "0"\n      [75]=>\n      string(1) "0"\n    }\n    [2]=>\n    array(15) {\n      [1]=>\n      string(1) "0"\n      [2]=>\n      string(1) "0"\n      [3]=>\n      string(1) "0"\n      [4]=>\n      string(1) "0"\n      [5]=>\n      string(1) "0"\n      [6]=>\n      string(1) "0"\n      [7]=>\n      string(1) "0"\n      [8]=>\n      string(1) "0"\n      [9]=>\n      string(1) "0"\n      [10]=>\n      string(1) "0"\n      [11]=>\n      string(1) "0"\n      [12]=>\n      string(1) "0"\n      [13]=>\n      string(1) "1"\n      [14]=>\n      string(1) "0"\n      [15]=>\n      string(1) "0"\n    }\n  }\n  [2405]=>\n  array(2) {\n    [1]=>\n    array(75) {\n      [1]=>\n      string(1) "0"\n      [2]=>\n      string(1) "0"\n      [3]=>\n      string(1) "0"\n      [4]=>\n      string(1) "0"\n      [5]=>\n      string(1) "0"\n      [6]=>\n      string(1) "0"\n      [7]=>\n      string(1) "1"\n      [8]=>\n      string(1) "0"\n      [9]=>\n      string(1) "0"\n      [10]=>\n      string(1) "0"\n      [11]=>\n      string(1) "0"\n      [12]=>\n      string(1) "0"\n      [13]=>\n      string(1) "0"\n      [14]=>\n      string(1) "0"\n      [15]=>\n      string(1) "0"\n      [16]=>\n      string(1) "0"\n      [17]=>\n      string(1) "0"\n      [18]=>\n      string(1) "0"\n      [19]=>\n      string(1) "0"\n      [20]=>\n      string(1) "0"\n      [21]=>\n      string(1) "0"\n      [22]=>\n      string(1) "0"\n      [23]=>\n      string(1) "0"\n      [24]=>\n      string(1) "0"\n      [25]=>\n      string(1) "0"\n      [26]=>\n      string(1) "0"\n      [27]=>\n      string(1) "0"\n      [28]=>\n      string(1) "0"\n      [29]=>\n      string(1) "0"\n      [30]=>\n      string(1) "0"\n      [31]=>\n      string(1) "0"\n      [32]=>\n      string(1) "0"\n      [33]=>\n      string(1) "0"\n      [34]=>\n      string(1) "0"\n      [35]=>\n      string(1) "0"\n      [36]=>\n      string(1) "0"\n      [37]=>\n      string(1) "0"\n      [38]=>\n      string(1) "0"\n      [39]=>\n      string(1) "0"\n      [40]=>\n      string(1) "0"\n      [41]=>\n      string(1) "0"\n      [42]=>\n      string(1) "0"\n      [43]=>\n      string(1) "0"\n      [44]=>\n      string(1) "0"\n      [45]=>\n      string(1) "0"\n      [46]=>\n      string(1) "0"\n      [47]=>\n      string(1) "1"\n      [48]=>\n      string(1) "0"\n      [49]=>\n      string(1) "0"\n      [50]=>\n      string(1) "0"\n      [51]=>\n      string(1) "1"\n      [52]=>\n      string(1) "0"\n      [53]=>\n      string(1) "0"\n      [54]=>\n      string(1) "0"\n      [55]=>\n      string(1) "0"\n      [56]=>\n      string(1) "0"\n      [57]=>\n      string(1) "1"\n      [58]=>\n      string(1) "0"\n      [59]=>\n      string(1) "0"\n      [60]=>\n      string(1) "0"\n      [61]=>\n      string(1) "0"\n      [62]=>\n      string(1) "1"\n      [63]=>\n      string(1) "0"\n      [64]=>\n      string(1) "0"\n      [65]=>\n      string(1) "0"\n      [66]=>\n      string(1) "0"\n      [67]=>\n      string(1) "0"\n      [68]=>\n      string(1) "0"\n      [69]=>\n      string(1) "0"\n      [70]=>\n      string(1) "0"\n      [71]=>\n      string(1) "0"\n      [72]=>\n      string(1) "0"\n      [73]=>\n      string(1) "0"\n      [74]=>\n      string(1) "0"\n      [75]=>\n      string(1) "0"\n    }\n    [2]=>\n    array(15) {\n      [1]=>\n      string(1) "0"\n      [2]=>\n      string(1) "0"\n      [3]=>\n      string(1) "0"\n      [4]=>\n      string(1) "0"\n      [5]=>\n      string(1) "0"\n      [6]=>\n      string(1) "0"\n      [7]=>\n      string(1) "0"\n      [8]=>\n      string(1) "0"\n      [9]=>\n      string(1) "0"\n      [10]=>\n      string(1) "0"\n      [11]=>\n      string(1) "0"\n      [12]=>\n      string(1) "0"\n      [13]=>\n      string(1) "0"\n      [14]=>\n      string(1) "1"\n      [15]=>\n      string(1) "0"\n    }\n  }\n}\n, referer: http://test.syndie.co.uk/index.php?r=game%2Fplay&id=1&draw=1&syndicate=139&ti=124
[Mon May 01 10:00:21.118244 2017] [:error] [pid 19953] [client 5.64.88.217:61765] array(2) {\n  [2404]=>\n  array(2) {\n    [1]=>\n    array(75) {\n      [1]=>\n      string(1) "0"\n      [2]=>\n      string(1) "0"\n      [3]=>\n      string(1) "0"\n      [4]=>\n      string(1) "0"\n      [5]=>\n      string(1) "0"\n      [6]=>\n      string(1) "0"\n      [7]=>\n      string(1) "0"\n      [8]=>\n      string(1) "0"\n      [9]=>\n      string(1) "0"\n      [10]=>\n      string(1) "0"\n      [11]=>\n      string(1) "0"\n      [12]=>\n      string(1) "0"\n      [13]=>\n      string(1) "0"\n      [14]=>\n      string(1) "0"\n      [15]=>\n      string(1) "0"\n      [16]=>\n      string(1) "0"\n      [17]=>\n      string(1) "0"\n      [18]=>\n      string(1) "0"\n      [19]=>\n      string(1) "0"\n      [20]=>\n      string(1) "0"\n      [21]=>\n      string(1) "0"\n      [22]=>\n      string(1) "0"\n      [23]=>\n      string(1) "1"\n      [24]=>\n      string(1) "1"\n      [25]=>\n      string(1) "0"\n      [26]=>\n      string(1) "0"\n      [27]=>\n      string(1) "0"\n      [28]=>\n      string(1) "0"\n      [29]=>\n      string(1) "0"\n      [30]=>\n      string(1) "0"\n      [31]=>\n      string(1) "0"\n      [32]=>\n      string(1) "0"\n      [33]=>\n      string(1) "1"\n      [34]=>\n      string(1) "0"\n      [35]=>\n      string(1) "0"\n      [36]=>\n      string(1) "0"\n      [37]=>\n      string(1) "0"\n      [38]=>\n      string(1) "0"\n      [39]=>\n      string(1) "1"\n      [40]=>\n      string(1) "0"\n      [41]=>\n      string(1) "0"\n      [42]=>\n      string(1) "0"\n      [43]=>\n      string(1) "0"\n      [44]=>\n      string(1) "0"\n      [45]=>\n      string(1) "0"\n      [46]=>\n      string(1) "0"\n      [47]=>\n      string(1) "1"\n      [48]=>\n      string(1) "0"\n      [49]=>\n      string(1) "0"\n      [50]=>\n      string(1) "0"\n      [51]=>\n      string(1) "0"\n      [52]=>\n      string(1) "0"\n      [53]=>\n      string(1) "0"\n      [54]=>\n      string(1) "0"\n      [55]=>\n      string(1) "0"\n      [56]=>\n      string(1) "0"\n      [57]=>\n      string(1) "0"\n      [58]=>\n      string(1) "0"\n      [59]=>\n      string(1) "0"\n      [60]=>\n      string(1) "0"\n      [61]=>\n      string(1) "0"\n      [62]=>\n      string(1) "0"\n      [63]=>\n      string(1) "0"\n      [64]=>\n      string(1) "0"\n      [65]=>\n      string(1) "0"\n      [66]=>\n      string(1) "0"\n      [67]=>\n      string(1) "0"\n      [68]=>\n      string(1) "0"\n      [69]=>\n      string(1) "0"\n      [70]=>\n      string(1) "0"\n      [71]=>\n      string(1) "0"\n      [72]=>\n      string(1) "0"\n      [73]=>\n      string(1) "0"\n      [74]=>\n      string(1) "0"\n      [75]=>\n      string(1) "0"\n    }\n    [2]=>\n    array(15) {\n      [1]=>\n      string(1) "0"\n      [2]=>\n      string(1) "0"\n      [3]=>\n      string(1) "0"\n      [4]=>\n      string(1) "0"\n      [5]=>\n      string(1) "0"\n      [6]=>\n      string(1) "0"\n      [7]=>\n      string(1) "0"\n      [8]=>\n      string(1) "0"\n      [9]=>\n      string(1) "0"\n      [10]=>\n      string(1) "0"\n      [11]=>\n      string(1) "0"\n      [12]=>\n      string(1) "0"\n      [13]=>\n      string(1) "1"\n      [14]=>\n      string(1) "0"\n      [15]=>\n      string(1) "0"\n    }\n  }\n  [2405]=>\n  array(2) {\n    [1]=>\n    array(75) {\n      [1]=>\n      string(1) "0"\n      [2]=>\n      string(1) "0"\n      [3]=>\n      string(1) "0"\n      [4]=>\n      string(1) "0"\n      [5]=>\n      string(1) "0"\n      [6]=>\n      string(1) "0"\n      [7]=>\n      string(1) "1"\n      [8]=>\n      string(1) "0"\n      [9]=>\n      string(1) "0"\n      [10]=>\n      string(1) "0"\n      [11]=>\n      string(1) "0"\n      [12]=>\n      string(1) "0"\n      [13]=>\n      string(1) "0"\n      [14]=>\n      string(1) "0"\n      [15]=>\n      string(1) "0"\n      [16]=>\n      string(1) "0"\n      [17]=>\n      string(1) "0"\n      [18]=>\n      string(1) "0"\n      [19]=>\n      string(1) "0"\n      [20]=>\n      string(1) "0"\n      [21]=>\n      string(1) "0"\n      [22]=>\n      string(1) "0"\n      [23]=>\n      string(1) "0"\n      [24]=>\n      string(1) "0"\n      [25]=>\n      string(1) "0"\n      [26]=>\n      string(1) "0"\n      [27]=>\n      string(1) "0"\n      [28]=>\n      string(1) "0"\n      [29]=>\n      string(1) "0"\n      [30]=>\n      string(1) "0"\n      [31]=>\n      string(1) "0"\n      [32]=>\n      string(1) "0"\n      [33]=>\n      string(1) "0"\n      [34]=>\n      string(1) "0"\n      [35]=>\n      string(1) "0"\n      [36]=>\n      string(1) "0"\n      [37]=>\n      string(1) "0"\n      [38]=>\n      string(1) "0"\n      [39]=>\n      string(1) "0"\n      [40]=>\n      string(1) "0"\n      [41]=>\n      string(1) "0"\n      [42]=>\n      string(1) "0"\n      [43]=>\n      string(1) "0"\n      [44]=>\n      string(1) "0"\n      [45]=>\n      string(1) "0"\n      [46]=>\n      string(1) "0"\n      [47]=>\n      string(1) "1"\n      [48]=>\n      string(1) "0"\n      [49]=>\n      string(1) "0"\n      [50]=>\n      string(1) "0"\n      [51]=>\n      string(1) "1"\n      [52]=>\n      string(1) "0"\n      [53]=>\n      string(1) "0"\n      [54]=>\n      string(1) "0"\n      [55]=>\n      string(1) "0"\n      [56]=>\n      string(1) "0"\n      [57]=>\n      string(1) "1"\n      [58]=>\n      string(1) "0"\n      [59]=>\n      string(1) "0"\n      [60]=>\n      string(1) "0"\n      [61]=>\n      string(1) "0"\n      [62]=>\n      string(1) "1"\n      [63]=>\n      string(1) "0"\n      [64]=>\n      string(1) "0"\n      [65]=>\n      string(1) "0"\n      [66]=>\n      string(1) "0"\n      [67]=>\n      string(1) "0"\n      [68]=>\n      string(1) "0"\n      [69]=>\n      string(1) "0"\n      [70]=>\n      string(1) "0"\n      [71]=>\n      string(1) "0"\n      [72]=>\n      string(1) "0"\n      [73]=>\n      string(1) "0"\n      [74]=>\n      string(1) "0"\n      [75]=>\n      string(1) "0"\n    }\n    [2]=>\n    array(15) {\n      [1]=>\n      string(1) "0"\n      [2]=>\n      string(1) "0"\n      [3]=>\n      string(1) "0"\n      [4]=>\n      string(1) "0"\n      [5]=>\n      string(1) "0"\n      [6]=>\n      string(1) "0"\n      [7]=>\n      string(1) "0"\n      [8]=>\n      string(1) "0"\n      [9]=>\n      string(1) "0"\n      [10]=>\n      string(1) "0"\n      [11]=>\n      string(1) "0"\n      [12]=>\n      string(1) "0"\n      [13]=>\n      string(1) "0"\n      [14]=>\n      string(1) "1"\n      [15]=>\n      string(1) "0"\n    }\n  }\n}\n, referer: http://test.syndie.co.uk/index.php?r=game%2Fplay&id=1&draw=1&syndicate=139&ti=124
